=== Discrete Chain-of-Thought Reasoning Logger Initialized ===


============================================================
 VALIDATION DEEP BREAKDOWN - EPOCH 0001 | 2026-06-12 14:11:50
============================================================

[Episode ID: Ep-0001-003-7269]
------------------------------------------------------------
  Ground Truth Chain: LOG_TRANSFORM (sign(x) * log(|x| + 1)) -> INVERT_MASK (1 if == 0 else 0) -> STOP

  Context Examples:
    Example 1: [1.56, -1.63, -3.89, 3.47, -0.32] ===> [0, 0, 0, 0, 0]
    Example 2: [3.61, 0.06, 0.06, 1.01, 0.92] ===> [0, 0, 0, 0, 0]
    Example 3: [1.71, 0.38, -1.79, 3.05, 2.36] ===> [0, 0, 0, 0, 0]
    Example 4: [1.93, -0.48, -2.19, 3.08, -0.94] ===> [0, 0, 0, 0, 0]

  Step-by-Step Prediction Analysis:
    Step 1: Predicted: ROUND (round to nearest integer) | Top-3 Probabilities: ROUND (round to nearest integer): 5.17%, BINARIZE (1 if > 0 else 0): 4.80%, CLAMP_UNIT (clamp to [-1, 1]): 4.76%
    Step 2: Predicted: STOP | Top-3 Probabilities: STOP: 28.48%, PAD (no-op): 8.79%, INVERT_MASK (1 if == 0 else 0): 3.28%
    Step 3: Predicted: STOP | Top-3 Probabilities: STOP: 28.47%, PAD (no-op): 8.79%, INVERT_MASK (1 if == 0 else 0): 3.28%
    Step 4: Predicted: PAD (no-op) | Top-3 Probabilities: PAD (no-op): 75.86%, STOP: 24.11%, CUMPROD (cumulative product): 0.00%
    Step 5: Predicted: PAD (no-op) | Top-3 Probabilities: PAD (no-op): 75.86%, STOP: 24.11%, CUMPROD (cumulative product): 0.00%

  Query Input:  [-1.41, -1.86, -1.82, -1.54, 2.32]
  Predicted Y:  [-1, -2, -2, -2, 2]
  True Target:  [0, 0, 0, 0, 0]
  Match Status: FAILURE
============================================================

[Episode ID: Ep-0001-061-4610]
------------------------------------------------------------
  Ground Truth Chain: FLOOR (floor) -> ROUND (round to nearest integer) -> STOP

  Context Examples:
    Example 1: [2.80, -3.78, -1.68, -0.25, 2.62] ===> [2, -4, -2, -1, 2]
    Example 2: [3.32, 0.94, 1.20, 3.95, -1.17] ===> [3, 0, 1, 3, -2]
    Example 3: [0.69, 1.86, 2.09, -0.34, 3.93] ===> [0, 1, 2, -1, 3]
    Example 4: [2.74, -1.62, -0.80, -1.65, 3.93] ===> [2, -2, -1, -2, 3]

  Step-by-Step Prediction Analysis:
    Step 1: Predicted: ROUND (round to nearest integer) | Top-3 Probabilities: ROUND (round to nearest integer): 5.18%, BINARIZE (1 if > 0 else 0): 4.81%, CLAMP_UNIT (clamp to [-1, 1]): 4.76%
    Step 2: Predicted: STOP | Top-3 Probabilities: STOP: 24.74%, PAD (no-op): 7.35%, INVERT_MASK (1 if == 0 else 0): 3.51%
    Step 3: Predicted: STOP | Top-3 Probabilities: STOP: 24.72%, PAD (no-op): 7.35%, INVERT_MASK (1 if == 0 else 0): 3.51%
    Step 4: Predicted: PAD (no-op) | Top-3 Probabilities: PAD (no-op): 73.96%, STOP: 25.85%, CUMPROD (cumulative product): 0.02%
    Step 5: Predicted: PAD (no-op) | Top-3 Probabilities: PAD (no-op): 73.96%, STOP: 25.85%, CUMPROD (cumulative product): 0.02%

  Query Input:  [-1.00, 3.14, -3.92, 3.39, 0.97]
  Predicted Y:  [-1, 3, -4, 3, 1]
  True Target:  [-1, 3, -4, 3, 0]
  Match Status: FAILURE
============================================================

[Episode ID: Ep-0001-014-4767]
------------------------------------------------------------
  Ground Truth Chain: MASK_LT_ZERO (keep if < 0 else 0) -> CEIL (ceiling) -> STOP

  Context Examples:
    Example 1: [1, 1, 0, 0, 1] ===> [0, 0, 0, 0, 0]
    Example 2: [0, 1, 0, 0, 1] ===> [0, 0, 0, 0, 0]
    Example 3: [0, 0, 1, 0, 1] ===> [0, 0, 0, 0, 0]
    Example 4: [0, 1, 1, 1, 0] ===> [0, 0, 0, 0, 0]

  Step-by-Step Prediction Analysis:
    Step 1: Predicted: ROUND (round to nearest integer) | Top-3 Probabilities: ROUND (round to nearest integer): 5.17%, BINARIZE (1 if > 0 else 0): 4.80%, CLAMP_UNIT (clamp to [-1, 1]): 4.76%
    Step 2: Predicted: STOP | Top-3 Probabilities: STOP: 29.04%, PAD (no-op): 9.05%, INVERT_MASK (1 if == 0 else 0): 3.24%
    Step 3: Predicted: STOP | Top-3 Probabilities: STOP: 29.04%, PAD (no-op): 9.04%, INVERT_MASK (1 if == 0 else 0): 3.24%
    Step 4: Predicted: PAD (no-op) | Top-3 Probabilities: PAD (no-op): 75.89%, STOP: 24.08%, CUMPROD (cumulative product): 0.00%
    Step 5: Predicted: PAD (no-op) | Top-3 Probabilities: PAD (no-op): 75.89%, STOP: 24.08%, CUMPROD (cumulative product): 0.00%

  Query Input:  [0, 1, 0, 0, 1]
  Predicted Y:  [0, 1, 0, 0, 1]
  True Target:  [0, 0, 0, 0, 0]
  Match Status: FAILURE
============================================================

[Episode ID: Ep-0001-033-6172]
------------------------------------------------------------
  Ground Truth Chain: ARGMAX_ONEHOT (one-hot of max element) -> ARGMIN_ONEHOT (one-hot of min element) -> STOP

  Context Examples:
    Example 1: [1, 1, 0, 1, 0] ===> [0, 1, 0, 0, 0]
    Example 2: [1, 1, 0, 1, 0] ===> [0, 1, 0, 0, 0]
    Example 3: [1, 1, 0, 1, 1] ===> [0, 1, 0, 0, 0]
    Example 4: [0, 1, 1, 0, 1] ===> [1, 0, 0, 0, 0]

  Step-by-Step Prediction Analysis:
    Step 1: Predicted: ROUND (round to nearest integer) | Top-3 Probabilities: ROUND (round to nearest integer): 5.17%, BINARIZE (1 if > 0 else 0): 4.81%, CLAMP_UNIT (clamp to [-1, 1]): 4.76%
    Step 2: Predicted: STOP | Top-3 Probabilities: STOP: 27.41%, PAD (no-op): 8.30%, INVERT_MASK (1 if == 0 else 0): 3.35%
    Step 3: Predicted: STOP | Top-3 Probabilities: STOP: 27.40%, PAD (no-op): 8.30%, INVERT_MASK (1 if == 0 else 0): 3.35%
    Step 4: Predicted: PAD (no-op) | Top-3 Probabilities: PAD (no-op): 75.99%, STOP: 23.96%, CUMPROD (cumulative product): 0.00%
    Step 5: Predicted: PAD (no-op) | Top-3 Probabilities: PAD (no-op): 75.99%, STOP: 23.96%, CUMPROD (cumulative product): 0.00%

  Query Input:  [1, 1, 0, 1, 1]
  Predicted Y:  [1, 1, 0, 1, 1]
  True Target:  [0, 1, 0, 0, 0]
  Match Status: FAILURE
============================================================

[Episode ID: Ep-0001-008-7757]
------------------------------------------------------------
  Ground Truth Chain: CEIL (ceiling) -> ABS (absolute value) -> STOP

  Context Examples:
    Example 1: [0.67, -1.50, 1.09, -1.79, 1.83] ===> [1, 1, 2, 1, 2]
    Example 2: [-2.61, -2.58, 1.70, -2.48, -2.78] ===> [2, 2, 2, 2, 2]
    Example 3: [-1.29, -2.15, -2.19, 1.21, -3.84] ===> [1, 2, 2, 2, 3]
    Example 4: [1.03, 0.09, -0.76, -3.06, 0.82] ===> [2, 1, 0, 3, 1]

  Step-by-Step Prediction Analysis:
    Step 1: Predicted: ROUND (round to nearest integer) | Top-3 Probabilities: ROUND (round to nearest integer): 5.18%, BINARIZE (1 if > 0 else 0): 4.80%, CLAMP_UNIT (clamp to [-1, 1]): 4.75%
    Step 2: Predicted: STOP | Top-3 Probabilities: STOP: 28.50%, PAD (no-op): 8.91%, INVERT_MASK (1 if == 0 else 0): 3.27%
    Step 3: Predicted: STOP | Top-3 Probabilities: STOP: 28.49%, PAD (no-op): 8.91%, INVERT_MASK (1 if == 0 else 0): 3.27%
    Step 4: Predicted: PAD (no-op) | Top-3 Probabilities: PAD (no-op): 75.84%, STOP: 24.11%, CUMPROD (cumulative product): 0.00%
    Step 5: Predicted: PAD (no-op) | Top-3 Probabilities: PAD (no-op): 75.84%, STOP: 24.11%, CUMPROD (cumulative product): 0.00%

  Query Input:  [-2.07, 2.41, -0.55, 0.32, 3.25]
  Predicted Y:  [-2, 2, -1, 0, 3]
  True Target:  [2, 3, 0, 1, 4]
  Match Status: FAILURE
============================================================

============================================================
 VALIDATION DEEP BREAKDOWN - EPOCH 0100 | 2026-06-12 14:16:52
============================================================

[Episode ID: Ep-0100-010-5005]
------------------------------------------------------------
  Ground Truth Chain: SHIFT_L (cyclic shift left) -> ARGMAX_ONEHOT (one-hot of max element) -> STOP

  Context Examples:
    Example 1: [-1.91, 1.87, -0.69, 2.98, 3.57] ===> [0, 0, 0, 1, 0]
    Example 2: [0.61, -0.23, 2.14, 0.71, -2.39] ===> [0, 1, 0, 0, 0]
    Example 3: [-3.16, 1.10, 1.94, 3.65, -3.48] ===> [0, 0, 1, 0, 0]
    Example 4: [-1.76, -1.64, 0.33, 0.12, -1.03] ===> [0, 1, 0, 0, 0]

  Step-by-Step Prediction Analysis:
    Step 1: Predicted: REVERSE (flip array) | Top-3 Probabilities: REVERSE (flip array): 5.45%, BINARIZE (1 if > 0 else 0): 5.11%, LOG_TRANSFORM (sign(x) * log(|x| + 1)): 4.98%
    Step 2: Predicted: SWAP_HALVES (swap first 2 and last 3 elements) | Top-3 Probabilities: SWAP_HALVES (swap first 2 and last 3 elements): 4.60%, INVERT_MASK (1 if == 0 else 0): 4.56%, CLAMP_UNIT (clamp to [-1, 1]): 4.48%
    Step 3: Predicted: STOP | Top-3 Probabilities: STOP: 93.94%, PAD (no-op): 6.05%, MASK_GT_ZERO (keep if > 0 else 0): 0.00%
    Step 4: Predicted: STOP | Top-3 Probabilities: STOP: 93.94%, PAD (no-op): 6.05%, MASK_GT_ZERO (keep if > 0 else 0): 0.00%
    Step 5: Predicted: STOP | Top-3 Probabilities: STOP: 93.91%, PAD (no-op): 6.08%, MASK_GT_ZERO (keep if > 0 else 0): 0.00%

  Query Input:  [-0.04, -0.54, -1.38, 3.65, 1.12]
  Predicted Y:  [-1.38, -0.54, -0.04, 1.12, 3.65]
  True Target:  [0, 0, 1, 0, 0]
  Match Status: FAILURE
============================================================

[Episode ID: Ep-0100-045-2322]
------------------------------------------------------------
  Ground Truth Chain: CUMPROD (cumulative product) -> SWAP_HALVES (swap first 2 and last 3 elements) -> STOP

  Context Examples:
    Example 1: [1, 1, 1, 1, 0] ===> [1, 1, 0, 1, 1]
    Example 2: [0, 1, 0, 0, 1] ===> [0, 0, 0, 0, 0]
    Example 3: [0, 1, 1, 0, 1] ===> [0, 0, 0, 0, 0]
    Example 4: [0, 1, 1, 0, 0] ===> [0, 0, 0, 0, 0]

  Step-by-Step Prediction Analysis:
    Step 1: Predicted: REVERSE (flip array) | Top-3 Probabilities: REVERSE (flip array): 5.44%, BINARIZE (1 if > 0 else 0): 5.01%, ABS (absolute value): 5.00%
    Step 2: Predicted: STOP | Top-3 Probabilities: STOP: 5.56%, SWAP_HALVES (swap first 2 and last 3 elements): 4.42%, INVERT_MASK (1 if == 0 else 0): 4.38%
    Step 3: Predicted: STOP | Top-3 Probabilities: STOP: 93.84%, PAD (no-op): 6.16%, MASK_GT_ZERO (keep if > 0 else 0): 0.00%
    Step 4: Predicted: STOP | Top-3 Probabilities: STOP: 93.79%, PAD (no-op): 6.20%, MASK_GT_ZERO (keep if > 0 else 0): 0.00%
    Step 5: Predicted: STOP | Top-3 Probabilities: STOP: 93.80%, PAD (no-op): 6.20%, MASK_GT_ZERO (keep if > 0 else 0): 0.00%

  Query Input:  [1, 1, 1, 0, 0]
  Predicted Y:  [0, 0, 1, 1, 1]
  True Target:  [1, 0, 0, 1, 1]
  Match Status: FAILURE
============================================================

[Episode ID: Ep-0100-018-3863]
------------------------------------------------------------
  Ground Truth Chain: LOG_TRANSFORM (sign(x) * log(|x| + 1)) -> DIFF (adjacent difference) -> STOP

  Context Examples:
    Example 1: [0, 0, 1, 1, 1] ===> [0, 0, 0.69, 0, 0]
    Example 2: [1, 1, 0, 1, 1] ===> [0.69, 0, -0.69, 0.69, 0]
    Example 3: [1, 1, 0, 1, 0] ===> [0.69, 0, -0.69, 0.69, -0.69]
    Example 4: [1, 1, 1, 1, 1] ===> [0.69, 0, 0, 0, 0]

  Step-by-Step Prediction Analysis:
    Step 1: Predicted: REVERSE (flip array) | Top-3 Probabilities: REVERSE (flip array): 5.44%, BINARIZE (1 if > 0 else 0): 5.12%, LOG_TRANSFORM (sign(x) * log(|x| + 1)): 4.98%
    Step 2: Predicted: SWAP_HALVES (swap first 2 and last 3 elements) | Top-3 Probabilities: SWAP_HALVES (swap first 2 and last 3 elements): 4.58%, INVERT_MASK (1 if == 0 else 0): 4.55%, CLAMP_UNIT (clamp to [-1, 1]): 4.47%
    Step 3: Predicted: STOP | Top-3 Probabilities: STOP: 93.91%, PAD (no-op): 6.08%, MASK_GT_ZERO (keep if > 0 else 0): 0.00%
    Step 4: Predicted: STOP | Top-3 Probabilities: STOP: 93.91%, PAD (no-op): 6.08%, MASK_GT_ZERO (keep if > 0 else 0): 0.00%
    Step 5: Predicted: STOP | Top-3 Probabilities: STOP: 93.88%, PAD (no-op): 6.12%, MASK_GT_ZERO (keep if > 0 else 0): 0.00%

  Query Input:  [0, 0, 0, 1, 1]
  Predicted Y:  [0, 0, 0, 1, 1]
  True Target:  [0, 0, 0, 0.69, 0]
  Match Status: FAILURE
============================================================

[Episode ID: Ep-0100-000-1745]
------------------------------------------------------------
  Ground Truth Chain: CEIL (ceiling) -> MASK_GT_ZERO (keep if > 0 else 0) -> STOP

  Context Examples:
    Example 1: [-0.58, 2.55, 0.45, 3.07, -0.13] ===> [0, 3, 1, 4, 0]
    Example 2: [-2.29, 2.22, 2.33, 0.18, -2.52] ===> [0, 3, 3, 1, 0]
    Example 3: [2.46, -0.28, 3.46, -3.94, 2.02] ===> [3, 0, 4, 0, 3]
    Example 4: [-3.35, -3.96, 2.37, 2.43, 1.02] ===> [0, 0, 3, 3, 2]

  Step-by-Step Prediction Analysis:
    Step 1: Predicted: REVERSE (flip array) | Top-3 Probabilities: REVERSE (flip array): 5.43%, ABS (absolute value): 5.00%, BINARIZE (1 if > 0 else 0): 4.95%
    Step 2: Predicted: STOP | Top-3 Probabilities: STOP: 5.79%, SWAP_HALVES (swap first 2 and last 3 elements): 4.38%, INVERT_MASK (1 if == 0 else 0): 4.33%
    Step 3: Predicted: STOP | Top-3 Probabilities: STOP: 93.84%, PAD (no-op): 6.15%, MASK_GT_ZERO (keep if > 0 else 0): 0.00%
    Step 4: Predicted: STOP | Top-3 Probabilities: STOP: 93.81%, PAD (no-op): 6.19%, MASK_GT_ZERO (keep if > 0 else 0): 0.00%
    Step 5: Predicted: STOP | Top-3 Probabilities: STOP: 93.81%, PAD (no-op): 6.18%, MASK_GT_ZERO (keep if > 0 else 0): 0.00%

  Query Input:  [0.26, -2.70, 2.90, -3.46, 1.05]
  Predicted Y:  [1.05, -3.46, 2.90, -2.70, 0.26]
  True Target:  [1, 0, 3, 0, 2]
  Match Status: FAILURE
============================================================

[Episode ID: Ep-0100-006-5574]
------------------------------------------------------------
  Ground Truth Chain: MASK_LT_ZERO (keep if < 0 else 0) -> CUMSUM (cumulative sum) -> STOP

  Context Examples:
    Example 1: [1, 1, 0, 0, 1] ===> [0, 0, 0, 0, 0]
    Example 2: [0, 0, 1, 0, 1] ===> [0, 0, 0, 0, 0]
    Example 3: [0, 0, 1, 1, 0] ===> [0, 0, 0, 0, 0]
    Example 4: [1, 1, 0, 1, 1] ===> [0, 0, 0, 0, 0]

  Step-by-Step Prediction Analysis:
    Step 1: Predicted: REVERSE (flip array) | Top-3 Probabilities: REVERSE (flip array): 5.44%, ABS (absolute value): 5.00%, BINARIZE (1 if > 0 else 0): 4.98%
    Step 2: Predicted: STOP | Top-3 Probabilities: STOP: 5.65%, SWAP_HALVES (swap first 2 and last 3 elements): 4.40%, INVERT_MASK (1 if == 0 else 0): 4.36%
    Step 3: Predicted: STOP | Top-3 Probabilities: STOP: 93.86%, PAD (no-op): 6.14%, MASK_GT_ZERO (keep if > 0 else 0): 0.00%
    Step 4: Predicted: STOP | Top-3 Probabilities: STOP: 93.81%, PAD (no-op): 6.19%, MASK_GT_ZERO (keep if > 0 else 0): 0.00%
    Step 5: Predicted: STOP | Top-3 Probabilities: STOP: 93.82%, PAD (no-op): 6.18%, MASK_GT_ZERO (keep if > 0 else 0): 0.00%

  Query Input:  [0, 0, 0, 0, 1]
  Predicted Y:  [1, 0, 0, 0, 0]
  True Target:  [0, 0, 0, 0, 0]
  Match Status: FAILURE
============================================================
